2026-04-05 16:36:43.8124+00 [info] Start platform-updater with configuration parameters: 
{
  "autoUpdate": {
   "cronSchedule": "0 3 * * *"
  },
  "logging": {
   "file": "platform-updater.log",
   "level": "info",
   "maxLogFilesNumber": 7,
   "maxSizeMBytes": 1024,
   "path": "/var/lib/awide/platform-updater/logs"
  },
  "updateWave": "general",
  "version": "1.0"
 }
2026-04-05 16:36:43.8128+00 [info] AutoUpdateCronLogger: start
2026-04-05 16:36:43.8129+00 [info] AutoUpdateCronLogger: schedule now=2026-04-05 16:36:43.81292444 +0000 UTC entry=1 next=2026-04-06 03:00:00 +0000 UTC
2026-04-05 16:36:43.8127+00 [info] Auto update service started
2026-04-05 16:36:43.8153+00 [info] The platform-updater successfully started
2026-04-05 16:36:53.1332+00 [info] Init and start platform
2026-04-05 16:36:53.1333+00 [info] Check if the platform is initialized
2026-04-05 16:36:53.1339+00 [info] Set init params
2026-04-05 16:36:53.1340+00 [info] Init user data
2026-04-05 16:36:53.1340+00 [info] Check user data file exists
2026-04-05 16:36:53.1341+00 [info] Open user data file
2026-04-05 16:36:53.1341+00 [info] Fill platform env from user data
2026-04-05 16:36:53.1342+00 [info] Check platform domain
2026-04-05 16:36:53.1343+00 [info] Get token for aws api
2026-04-05 16:36:53.1379+00 [info] Get hostname from aws metadata
2026-04-05 16:36:53.1388+00 [info] Get S3 endpoint
2026-04-05 16:36:53.1388+00 [info] Get token for aws api
2026-04-05 16:36:53.1398+00 [info] Get identity document for ec2
2026-04-05 16:36:53.1405+00 [info] Validate platform env
2026-04-05 16:36:53.1405+00 [info] Check system user email
2026-04-05 16:36:53.1405+00 [info] Check system user name
2026-04-05 16:36:53.1406+00 [info] Prepare platform folders
2026-04-05 16:36:53.1406+00 [info] Platform folders does not exists. Creating.
2026-04-05 16:36:53.1409+00 [info] Create self signed ssl certs
2026-04-05 16:36:53.1409+00 [info] Generate ssl certs
2026-04-05 16:36:53.2705+00 [info] Check certs after creating
2026-04-05 16:36:53.2705+00 [info] SSL cert files: /opt/awide/eco/nginx/ssl/key.pem, /opt/awide/eco/nginx/ssl/certificate.pem
2026-04-05 16:36:53.2705+00 [info] Prepare platform files
2026-04-05 16:36:53.2706+00 [info] Fill default platform envs
2026-04-05 16:36:53.2706+00 [info] Open platform env file
2026-04-05 16:36:53.2706+00 [info] Save platform env file
2026-04-05 16:36:53.2707+00 [info] Generated random update wave: [general]
2026-04-05 16:36:53.2709+00 [info] Update platform if needed
2026-04-05 16:36:53.2710+00 [info] Get releases manifest
2026-04-05 16:36:53.7978+00 [info] Get latest update manifest
2026-04-05 16:36:54.1515+00 [info] Found latest release. Version: [6.3.2]
2026-04-05 16:36:54.1516+00 [info] Load platform env's
2026-04-05 16:36:54.1517+00 [info] Save new docker compose file
2026-04-05 16:36:54.1517+00 [info] Get docker compose file
2026-04-05 16:36:54.6108+00 [info] Update platform env's
2026-04-05 16:36:54.6109+00 [info] Open platform env file
2026-04-05 16:36:54.6109+00 [info] Save platform env file
2026-04-05 16:36:54.6110+00 [info] Pull docker images
2026-04-05 16:36:56.8058+00 [info] WARNING! Using --password via the CLI is insecure. Use --password-stdin.
WARNING! Your password will be stored unencrypted in /root/.docker/config.json.
Configure a credential helper to remove this warning. See
https://docs.docker.com/engine/reference/commandline/login/#credentials-store

Login Succeeded

2026-04-05 16:40:50.2095+00 [info] Update agent
2026-04-05 16:40:50.2393+00 [error] platformupdate/service.go:585 exit status 1
2026-04-05 16:40:50.2396+00 [error] platformupdate/service.go:588 package pmaagent is not installed

2026-04-05 16:40:50.2397+00 [warning] platformupdate/service.go:515 Agent is not installed. Skip update
2026-04-05 16:40:50.2398+00 [info] Save platform version info
2026-04-05 16:40:50.2402+00 [info] Start platform
2026-04-05 16:40:50.2402+00 [info] Check platform docker compose file exists
2026-04-05 16:40:50.2403+00 [info] Check platform env file exists
2026-04-05 16:40:50.2404+00 [info] Start docker containers